Loading python/3.11.7
  Loading requirement: bzip2/1.0.8-ib3znej libmd/1.0.4-2km2lxx
    libbsd/0.12.1-oocs6an expat/2.6.2-p2t4wry ncurses/6.5-svfl57u
    readline/8.2-zeda6mx gdbm/1.23-wiol7vk libiconv/1.17-nhc3mhm
    xz/5.4.6-xxxg42c zlib-ng/2.1.6-jkgunjc libxml2/2.10.3-zbbe7lm
    pigz/2.8-5bwzpml zstd/1.5.6-uq5yyux tar/1.34-jgektnv gettext/0.22.5-hsxgafg
    libffi/3.4.6-4vs4jpp libxcrypt/4.4.35-7om46b5 sqlite/3.43.2-4kl5mnp
    util-linux-uuid/2.38.1-5achpds
Loading gcc/11.3.0
  Loading requirement: gmp/6.2.1 mpfr/4.1.0 mpc/1.2.1
MPI startup(): Warning: I_MPI_PMI_LIBRARY will be ignored since the hydra process manager was found
MPI startup(): Warning: I_MPI_PMI_LIBRARY will be ignored since the hydra process manager was found
MPI startup(): Warning: I_MPI_PMI_LIBRARY will be ignored since the hydra process manager was found
MPI startup(): Warning: I_MPI_PMI_LIBRARY will be ignored since the hydra process manager was found
MPI startup(): Warning: I_MPI_PMI_LIBRARY will be ignored since the hydra process manager was found
MPI startup(): Warning: I_MPI_PMI_LIBRARY will be ignored since the hydra process manager was found
MPI startup(): Warning: I_MPI_PMI_LIBRARY will be ignored since the hydra process manager was found
MPI startup(): Warning: I_MPI_PMI_LIBRARY will be ignored since the hydra process manager was found
MPI startup(): Warning: I_MPI_PMI_LIBRARY will be ignored since the hydra process manager was found
MPI startup(): Warning: I_MPI_PMI_LIBRARY will be ignored since the hydra process manager was found
MPI startup(): Warning: I_MPI_PMI_LIBRARY will be ignored since the hydra process manager was found
MPI startup(): Warning: I_MPI_PMI_LIBRARY will be ignored since the hydra process manager was found
MPI startup(): Warning: I_MPI_PMI_LIBRARY will be ignored since the hydra process manager was found
MPI startup(): Warning: I_MPI_PMI_LIBRARY will be ignored since the hydra process manager was found
MPI startup(): Warning: I_MPI_PMI_LIBRARY will be ignored since the hydra process manager was found
MPI startup(): Warning: I_MPI_PMI_LIBRARY will be ignored since the hydra process manager was found
MPI startup(): Warning: I_MPI_PMI_LIBRARY will be ignored since the hydra process manager was found
MPI startup(): Warning: I_MPI_PMI_LIBRARY will be ignored since the hydra process manager was found
MPI startup(): Warning: I_MPI_PMI_LIBRARY will be ignored since the hydra process manager was found
MPI startup(): Warning: I_MPI_PMI_LIBRARY will be ignored since the hydra process manager was found
MPI startup(): Warning: I_MPI_PMI_LIBRARY will be ignored since the hydra process manager was found
MPI startup(): Warning: I_MPI_PMI_LIBRARY will be ignored since the hydra process manager was found
MPI startup(): Warning: I_MPI_PMI_LIBRARY will be ignored since the hydra process manager was found
MPI startup(): Warning: I_MPI_PMI_LIBRARY will be ignored since the hydra process manager was found
MPI startup(): Warning: I_MPI_PMI_LIBRARY will be ignored since the hydra process manager was found
MPI startup(): Warning: I_MPI_PMI_LIBRARY will be ignored since the hydra process manager was found
MPI startup(): Warning: I_MPI_PMI_LIBRARY will be ignored since the hydra process manager was found
MPI startup(): Warning: I_MPI_PMI_LIBRARY will be ignored since the hydra process manager was found
MPI startup(): Warning: I_MPI_PMI_LIBRARY will be ignored since the hydra process manager was found
MPI startup(): Warning: I_MPI_PMI_LIBRARY will be ignored since the hydra process manager was found
MPI startup(): Warning: I_MPI_PMI_LIBRARY will be ignored since the hydra process manager was found
MPI startup(): Warning: I_MPI_PMI_LIBRARY will be ignored since the hydra process manager was found
MPI startup(): Warning: I_MPI_PMI_LIBRARY will be ignored since the hydra process manager was found
MPI startup(): Warning: I_MPI_PMI_LIBRARY will be ignored since the hydra process manager was found
MPI startup(): Warning: I_MPI_PMI_LIBRARY will be ignored since the hydra process manager was found
MPI startup(): Warning: I_MPI_PMI_LIBRARY will be ignored since the hydra process manager was found
MPI startup(): Warning: I_MPI_PMI_LIBRARY will be ignored since the hydra process manager was found
MPI startup(): Warning: I_MPI_PMI_LIBRARY will be ignored since the hydra process manager was found
MPI startup(): Warning: I_MPI_PMI_LIBRARY will be ignored since the hydra process manager was found
MPI startup(): Warning: I_MPI_PMI_LIBRARY will be ignored since the hydra process manager was found
MPI startup(): Warning: I_MPI_PMI_LIBRARY will be ignored since the hydra process manager was found
MPI startup(): Warning: I_MPI_PMI_LIBRARY will be ignored since the hydra process manager was found
MPI startup(): Warning: I_MPI_PMI_LIBRARY will be ignored since the hydra process manager was found
MPI startup(): Warning: I_MPI_PMI_LIBRARY will be ignored since the hydra process manager was found
MPI startup(): Warning: I_MPI_PMI_LIBRARY will be ignored since the hydra process manager was found
MPI startup(): Warning: I_MPI_PMI_LIBRARY will be ignored since the hydra process manager was found
MPI startup(): Warning: I_MPI_PMI_LIBRARY will be ignored since the hydra process manager was found
MPI startup(): Warning: I_MPI_PMI_LIBRARY will be ignored since the hydra process manager was found
MPI startup(): Warning: I_MPI_PMI_LIBRARY will be ignored since the hydra process manager was found
MPI startup(): Warning: I_MPI_PMI_LIBRARY will be ignored since the hydra process manager was found
MPI startup(): Warning: I_MPI_PMI_LIBRARY will be ignored since the hydra process manager was found
MPI startup(): Warning: I_MPI_PMI_LIBRARY will be ignored since the hydra process manager was found
MPI startup(): Warning: I_MPI_PMI_LIBRARY will be ignored since the hydra process manager was found
MPI startup(): Warning: I_MPI_PMI_LIBRARY will be ignored since the hydra process manager was found
MPI startup(): Warning: I_MPI_PMI_LIBRARY will be ignored since the hydra process manager was found
MPI startup(): Warning: I_MPI_PMI_LIBRARY will be ignored since the hydra process manager was found
MPI startup(): Warning: I_MPI_PMI_LIBRARY will be ignored since the hydra process manager was found
MPI startup(): Warning: I_MPI_PMI_LIBRARY will be ignored since the hydra process manager was found
MPI startup(): Warning: I_MPI_PMI_LIBRARY will be ignored since the hydra process manager was found
MPI startup(): Warning: I_MPI_PMI_LIBRARY will be ignored since the hydra process manager was found
MPI startup(): Warning: I_MPI_PMI_LIBRARY will be ignored since the hydra process manager was found
MPI startup(): Warning: I_MPI_PMI_LIBRARY will be ignored since the hydra process manager was found
MPI startup(): Warning: I_MPI_PMI_LIBRARY will be ignored since the hydra process manager was found
MPI startup(): Warning: I_MPI_PMI_LIBRARY will be ignored since the hydra process manager was found
========================================================
       ACTIVATION-FUNCTION TUNING EXPERIMENT
========================================================
Candidates:       6
Architecture:     conv5x5-dense-1024-512-256-128
Optimizer:        Adam (lr = 1e-05)
Physics weight:    0.1
Folds:             5
Epochs:            100
Batch size:        64
Diagnostics:       on
MPI ranks:         64
========================================================
Candidate 1/6: activation-function-search [activation=tanh]
  Fold 1/5 | validation physical MSE: 0.00540666
  Fold 2/5 | validation physical MSE: 0.0072052
  Fold 3/5 | validation physical MSE: 0.00559409
  Fold 4/5 | validation physical MSE: 0.00393659
  Fold 5/5 | validation physical MSE: 0.00518026
  Mean validation physical MSE: 0.00546562 +/- 0.00104545
Candidate 2/6: activation-function-search [activation=sigmoid]
  Fold 1/5 | validation physical MSE: 0.00950016
  Fold 2/5 | validation physical MSE: 0.0104349
  Fold 3/5 | validation physical MSE: 0.00914723
  Fold 4/5 | validation physical MSE: 0.00665866
  Fold 5/5 | validation physical MSE: 0.00910977
  Mean validation physical MSE: 0.0089714 +/- 0.00125009
Candidate 3/6: activation-function-search [activation=relu]
  Fold 1/5 | validation physical MSE: 0.004458
  Fold 2/5 | validation physical MSE: 0.00573862
  Fold 3/5 | validation physical MSE: 0.00393403
  Fold 4/5 | validation physical MSE: 0.00316919
  Fold 5/5 | validation physical MSE: 0.00496936
  Mean validation physical MSE: 0.00445429 +/- 0.000875881
Candidate 4/6: activation-function-search [activation=leakyrelu-alpha-0.01]
  Fold 1/5 | validation physical MSE: 0.00438417
  Fold 2/5 | validation physical MSE: 0.00568797
  Fold 3/5 | validation physical MSE: 0.00397773
  Fold 4/5 | validation physical MSE: 0.00313814
  Fold 5/5 | validation physical MSE: 0.00504853
  Mean validation physical MSE: 0.00444772 +/- 0.000876077
Candidate 5/6: activation-function-search [activation=leakyrelu-alpha-0.05]
  Fold 1/5 | validation physical MSE: 0.00447944
  Fold 2/5 | validation physical MSE: 0.00573559
  Fold 3/5 | validation physical MSE: 0.00399854
  Fold 4/5 | validation physical MSE: 0.0031207
  Fold 5/5 | validation physical MSE: 0.0048001
  Mean validation physical MSE: 0.00442742 +/- 0.000865257
Candidate 6/6: activation-function-search [activation=leakyrelu-alpha-0.1]
  Fold 1/5 | validation physical MSE: 0.00449228
  Fold 2/5 | validation physical MSE: 0.00608939
  Fold 3/5 | validation physical MSE: 0.00408885
  Fold 4/5 | validation physical MSE: 0.00315115
  Fold 5/5 | validation physical MSE: 0.00489813
  Mean validation physical MSE: 0.00454457 +/- 0.000965707

Best activation candidate: activation-function-search [activation=leakyrelu-alpha-0.05]
Cross-validated physical MSE: 0.00442742 +/- 0.000865257
Final untouched-test physical MSE: 0.00273892

real	250m46.800s
user	0m0.240s
sys	0m0.091s
