Job ID: 56688193
Stage: trial-4-seed-0
Repository: /leonardo/home/userexternal/gdonnine/Ice_acceleration_model_on_airplane_wing
Nodes: 1
MPI tasks: 64
Loading python/3.11.7
  Loading requirement: bzip2/1.0.8-ib3znej libmd/1.0.4-2km2lxx
    libbsd/0.12.1-oocs6an expat/2.6.2-p2t4wry ncurses/6.5-svfl57u
    readline/8.2-zeda6mx gdbm/1.23-wiol7vk libiconv/1.17-nhc3mhm
    xz/5.4.6-xxxg42c zlib-ng/2.1.6-jkgunjc libxml2/2.10.3-zbbe7lm
    pigz/2.8-5bwzpml zstd/1.5.6-uq5yyux tar/1.34-jgektnv gettext/0.22.5-hsxgafg
    libffi/3.4.6-4vs4jpp libxcrypt/4.4.35-7om46b5 sqlite/3.43.2-4kl5mnp
    util-linux-uuid/2.38.1-5achpds
Loading gcc/11.3.0
  Loading requirement: gmp/6.2.1 mpfr/4.1.0 mpc/1.2.1
-- The CXX compiler identification is GNU 11.3.0
-- Detecting CXX compiler ABI info
-- Detecting CXX compiler ABI info - done
-- Check for working CXX compiler: /leonardo/prod/spack/03/install/0.19/linux-rhel8-icelake/gcc-8.5.0/gcc-11.3.0-tm6phj7wkcw7cuy6gjixemkvh5x2mhza/bin/g++ - skipped
-- Detecting CXX compile features
-- Detecting CXX compile features - done
-- Found MPI_CXX: /leonardo/prod/spack/06/install/0.22/linux-rhel8-icelake/gcc-8.5.0/intel-oneapi-mpi-2021.12.1-s5hpfy2ffuow455bu7uzjbfizbfq3znr/mpi/2021.12/lib/libmpicxx.so (found version "3.1") 
-- Found MPI: TRUE (found version "3.1") found components: CXX 
-- Configuring done
-- Generating done
-- Build files have been written to: /leonardo/home/userexternal/gdonnine/Ice_acceleration_model_on_airplane_wing/build/CNN-re-tuning-56688193
[  3%] Building CXX object CMakeFiles/cnn_core.dir/src/core/Loss.cpp.o
[  7%] Building CXX object CMakeFiles/cnn_core.dir/src/core/Tensor.cpp.o
[ 10%] Building CXX object CMakeFiles/cnn_core.dir/src/data/Dataset.cpp.o
[ 14%] Building CXX object CMakeFiles/cnn_core.dir/src/layers/ActivationFactory.cpp.o
[ 21%] Building CXX object CMakeFiles/cnn_core.dir/src/layers/ActivationLayer.cpp.o
[ 25%] Building CXX object CMakeFiles/cnn_core.dir/src/layers/ConcatenateLayer.cpp.o
[ 35%] Building CXX object CMakeFiles/cnn_core.dir/src/layers/DropoutLayer.cpp.o
[ 35%] Building CXX object CMakeFiles/cnn_core.dir/src/layers/Conv2DLayer.cpp.o
[ 50%] Building CXX object CMakeFiles/cnn_core.dir/src/layers/ReLULayer.cpp.o
[ 50%] Building CXX object CMakeFiles/cnn_core.dir/src/layers/LeakyReLULayer.cpp.o
[ 50%] Building CXX object CMakeFiles/cnn_core.dir/src/layers/FlattenLayer.cpp.o
[ 57%] Building CXX object CMakeFiles/cnn_core.dir/src/layers/TanhLayer.cpp.o
[ 57%] Building CXX object CMakeFiles/cnn_core.dir/src/layers/DenseLayer.cpp.o
[ 57%] Building CXX object CMakeFiles/cnn_core.dir/src/layers/SigmoidLayer.cpp.o
[ 82%] Building CXX object CMakeFiles/cnn_core.dir/src/model/ModelFactory.cpp.o
[ 82%] Building CXX object CMakeFiles/cnn_core.dir/src/optimizers/RMSpropOptimizer.cpp.o
[ 82%] Building CXX object CMakeFiles/cnn_core.dir/src/training/Trainer.cpp.o
[ 82%] Building CXX object CMakeFiles/cnn_core.dir/src/optimizers/AdagradOptimizer.cpp.o
[ 82%] Building CXX object CMakeFiles/cnn_core.dir/src/model/CNNModel.cpp.o
[ 82%] Building CXX object CMakeFiles/cnn_core.dir/src/optimizers/LRScheduler.cpp.o
[ 82%] Building CXX object CMakeFiles/cnn_core.dir/src/optimizers/AdamOptimizer.cpp.o
[ 89%] Building CXX object CMakeFiles/cnn_core.dir/src/training/TrainingDiagnostics.cpp.o
[ 89%] Building CXX object CMakeFiles/cnn_core.dir/src/tuning/CrossValidator.cpp.o
[ 89%] Building CXX object CMakeFiles/cnn_core.dir/src/optimizers/SGDOptimizer.cpp.o
[ 89%] Building CXX object CMakeFiles/cnn_core.dir/src/tuning/TrialConfig.cpp.o
[ 92%] Linking CXX static library libcnn_core.a
[ 92%] Built target cnn_core
[ 96%] Building CXX object CMakeFiles/re_tuning.dir/experiments/re_tuning/main.cpp.o
[100%] Linking CXX executable experiments/re_tuning
[100%] Built target re_tuning
Output: results/re-tuning/trial-4-seed-0_slurm-56688193
MPI startup(): Warning: I_MPI_PMI_LIBRARY will be ignored since the hydra process manager was found
MPI startup(): Warning: I_MPI_PMI_LIBRARY will be ignored since the hydra process manager was found
MPI startup(): Warning: I_MPI_PMI_LIBRARY will be ignored since the hydra process manager was found
MPI startup(): Warning: I_MPI_PMI_LIBRARY will be ignored since the hydra process manager was found
MPI startup(): Warning: I_MPI_PMI_LIBRARY will be ignored since the hydra process manager was found
MPI startup(): Warning: I_MPI_PMI_LIBRARY will be ignored since the hydra process manager was found
MPI startup(): Warning: I_MPI_PMI_LIBRARY will be ignored since the hydra process manager was found
MPI startup(): Warning: I_MPI_PMI_LIBRARY will be ignored since the hydra process manager was found
MPI startup(): Warning: I_MPI_PMI_LIBRARY will be ignored since the hydra process manager was found
MPI startup(): Warning: I_MPI_PMI_LIBRARY will be ignored since the hydra process manager was found
MPI startup(): Warning: I_MPI_PMI_LIBRARY will be ignored since the hydra process manager was found
MPI startup(): Warning: I_MPI_PMI_LIBRARY will be ignored since the hydra process manager was found
MPI startup(): Warning: I_MPI_PMI_LIBRARY will be ignored since the hydra process manager was found
MPI startup(): Warning: I_MPI_PMI_LIBRARY will be ignored since the hydra process manager was found
MPI startup(): Warning: I_MPI_PMI_LIBRARY will be ignored since the hydra process manager was found
MPI startup(): Warning: I_MPI_PMI_LIBRARY will be ignored since the hydra process manager was found
MPI startup(): Warning: I_MPI_PMI_LIBRARY will be ignored since the hydra process manager was found
MPI startup(): Warning: I_MPI_PMI_LIBRARY will be ignored since the hydra process manager was found
MPI startup(): Warning: I_MPI_PMI_LIBRARY will be ignored since the hydra process manager was found
MPI startup(): Warning: I_MPI_PMI_LIBRARY will be ignored since the hydra process manager was found
MPI startup(): Warning: I_MPI_PMI_LIBRARY will be ignored since the hydra process manager was found
MPI startup(): Warning: I_MPI_PMI_LIBRARY will be ignored since the hydra process manager was found
MPI startup(): Warning: I_MPI_PMI_LIBRARY will be ignored since the hydra process manager was found
MPI startup(): Warning: I_MPI_PMI_LIBRARY will be ignored since the hydra process manager was found
MPI startup(): Warning: I_MPI_PMI_LIBRARY will be ignored since the hydra process manager was found
MPI startup(): Warning: I_MPI_PMI_LIBRARY will be ignored since the hydra process manager was found
MPI startup(): Warning: I_MPI_PMI_LIBRARY will be ignored since the hydra process manager was found
MPI startup(): Warning: I_MPI_PMI_LIBRARY will be ignored since the hydra process manager was found
MPI startup(): Warning: I_MPI_PMI_LIBRARY will be ignored since the hydra process manager was found
MPI startup(): Warning: I_MPI_PMI_LIBRARY will be ignored since the hydra process manager was found
MPI startup(): Warning: I_MPI_PMI_LIBRARY will be ignored since the hydra process manager was found
MPI startup(): Warning: I_MPI_PMI_LIBRARY will be ignored since the hydra process manager was found
MPI startup(): Warning: I_MPI_PMI_LIBRARY will be ignored since the hydra process manager was found
MPI startup(): Warning: I_MPI_PMI_LIBRARY will be ignored since the hydra process manager was found
MPI startup(): Warning: I_MPI_PMI_LIBRARY will be ignored since the hydra process manager was found
MPI startup(): Warning: I_MPI_PMI_LIBRARY will be ignored since the hydra process manager was found
MPI startup(): Warning: I_MPI_PMI_LIBRARY will be ignored since the hydra process manager was found
MPI startup(): Warning: I_MPI_PMI_LIBRARY will be ignored since the hydra process manager was found
MPI startup(): Warning: I_MPI_PMI_LIBRARY will be ignored since the hydra process manager was found
MPI startup(): Warning: I_MPI_PMI_LIBRARY will be ignored since the hydra process manager was found
MPI startup(): Warning: I_MPI_PMI_LIBRARY will be ignored since the hydra process manager was found
MPI startup(): Warning: I_MPI_PMI_LIBRARY will be ignored since the hydra process manager was found
MPI startup(): Warning: I_MPI_PMI_LIBRARY will be ignored since the hydra process manager was found
MPI startup(): Warning: I_MPI_PMI_LIBRARY will be ignored since the hydra process manager was found
MPI startup(): Warning: I_MPI_PMI_LIBRARY will be ignored since the hydra process manager was found
MPI startup(): Warning: I_MPI_PMI_LIBRARY will be ignored since the hydra process manager was found
MPI startup(): Warning: I_MPI_PMI_LIBRARY will be ignored since the hydra process manager was found
MPI startup(): Warning: I_MPI_PMI_LIBRARY will be ignored since the hydra process manager was found
MPI startup(): Warning: I_MPI_PMI_LIBRARY will be ignored since the hydra process manager was found
MPI startup(): Warning: I_MPI_PMI_LIBRARY will be ignored since the hydra process manager was found
MPI startup(): Warning: I_MPI_PMI_LIBRARY will be ignored since the hydra process manager was found
MPI startup(): Warning: I_MPI_PMI_LIBRARY will be ignored since the hydra process manager was found
MPI startup(): Warning: I_MPI_PMI_LIBRARY will be ignored since the hydra process manager was found
MPI startup(): Warning: I_MPI_PMI_LIBRARY will be ignored since the hydra process manager was found
MPI startup(): Warning: I_MPI_PMI_LIBRARY will be ignored since the hydra process manager was found
MPI startup(): Warning: I_MPI_PMI_LIBRARY will be ignored since the hydra process manager was found
MPI startup(): Warning: I_MPI_PMI_LIBRARY will be ignored since the hydra process manager was found
MPI startup(): Warning: I_MPI_PMI_LIBRARY will be ignored since the hydra process manager was found
MPI startup(): Warning: I_MPI_PMI_LIBRARY will be ignored since the hydra process manager was found
MPI startup(): Warning: I_MPI_PMI_LIBRARY will be ignored since the hydra process manager was found
MPI startup(): Warning: I_MPI_PMI_LIBRARY will be ignored since the hydra process manager was found
MPI startup(): Warning: I_MPI_PMI_LIBRARY will be ignored since the hydra process manager was found
MPI startup(): Warning: I_MPI_PMI_LIBRARY will be ignored since the hydra process manager was found
MPI startup(): Warning: I_MPI_PMI_LIBRARY will be ignored since the hydra process manager was found
Re-training stage: trial-4-seed-0
Run name: trial-4-seed-0_slurm-56688193
Topology: conv5x5, channels 8, dense 1024-512-256-128-1
Adam learning rate: 1e-3
Physics weight: 0.10
Dropout/L1/L2: 0/0/0
Epoch cap: 834
Global batch size: 257
Batch construction: balanced
Early stopping: enabled
Early stopping policy: first_ratio_exceeded
Seed: 0
Epoch 1/834 | samples=1542 | steps=6 | train_objective=3.30272 | training_physical_mse=0.0724774 | validation_physical_mse=0.0706068 | lr=0.001 | configured_lr=0.001 | grad_rms=92.4327 | activation_var(mean/min/max)=0.582913/0.0849138/0.88657
Epoch 2/834 | samples=1542 | steps=6 | train_objective=0.11452 | training_physical_mse=0.0603525 | validation_physical_mse=0.0590913 | lr=0.001 | configured_lr=0.001 | grad_rms=14.9733 | activation_var(mean/min/max)=1.77717/0.0618485/3.14248
Epoch 3/834 | samples=1542 | steps=6 | train_objective=0.0761144 | training_physical_mse=0.0384419 | validation_physical_mse=0.0415335 | lr=0.001 | configured_lr=0.001 | grad_rms=13.9528 | activation_var(mean/min/max)=2.44461/0.0484535/4.62507
Epoch 4/834 | samples=1542 | steps=6 | train_objective=0.0510805 | training_physical_mse=0.0267644 | validation_physical_mse=0.0283605 | lr=0.001 | configured_lr=0.001 | grad_rms=10.3091 | activation_var(mean/min/max)=2.52869/0.0403778/4.91564
Epoch 5/834 | samples=1542 | steps=6 | train_objective=0.0378195 | training_physical_mse=0.01117 | validation_physical_mse=0.0137949 | lr=0.001 | configured_lr=0.001 | grad_rms=7.18821 | activation_var(mean/min/max)=2.37198/0.0353426/4.66568
Early stopping at epoch 5: validation MSE exceeded training MSE by more than 15% above training MSE.
Completed epoch: 5
Selected epoch: 5
Training physical MSE: 0.01117
Validation physical MSE: 0.0137949
Test physical MSE: 0.00908356
Results: "results/re-tuning/trial-4-seed-0_slurm-56688193"

real	0m26.730s
user	0m0.226s
sys	0m0.052s
