Job ID: 56688203
Stage: trial-4-seed-1b
Repository: /leonardo/home/userexternal/gdonnine/Ice_acceleration_model_on_airplane_wing
Nodes: 1
MPI tasks: 64
Loading python/3.11.7
  Loading requirement: bzip2/1.0.8-ib3znej libmd/1.0.4-2km2lxx
    libbsd/0.12.1-oocs6an expat/2.6.2-p2t4wry ncurses/6.5-svfl57u
    readline/8.2-zeda6mx gdbm/1.23-wiol7vk libiconv/1.17-nhc3mhm
    xz/5.4.6-xxxg42c zlib-ng/2.1.6-jkgunjc libxml2/2.10.3-zbbe7lm
    pigz/2.8-5bwzpml zstd/1.5.6-uq5yyux tar/1.34-jgektnv gettext/0.22.5-hsxgafg
    libffi/3.4.6-4vs4jpp libxcrypt/4.4.35-7om46b5 sqlite/3.43.2-4kl5mnp
    util-linux-uuid/2.38.1-5achpds
Loading gcc/11.3.0
  Loading requirement: gmp/6.2.1 mpfr/4.1.0 mpc/1.2.1
-- The CXX compiler identification is GNU 11.3.0
-- Detecting CXX compiler ABI info
-- Detecting CXX compiler ABI info - done
-- Check for working CXX compiler: /leonardo/prod/spack/03/install/0.19/linux-rhel8-icelake/gcc-8.5.0/gcc-11.3.0-tm6phj7wkcw7cuy6gjixemkvh5x2mhza/bin/g++ - skipped
-- Detecting CXX compile features
-- Detecting CXX compile features - done
-- Found MPI_CXX: /leonardo/prod/spack/06/install/0.22/linux-rhel8-icelake/gcc-8.5.0/intel-oneapi-mpi-2021.12.1-s5hpfy2ffuow455bu7uzjbfizbfq3znr/mpi/2021.12/lib/libmpicxx.so (found version "3.1") 
-- Found MPI: TRUE (found version "3.1") found components: CXX 
-- Configuring done
-- Generating done
-- Build files have been written to: /leonardo/home/userexternal/gdonnine/Ice_acceleration_model_on_airplane_wing/build/CNN-re-tuning-56688203
[  3%] Building CXX object CMakeFiles/cnn_core.dir/src/core/Loss.cpp.o
[ 14%] Building CXX object CMakeFiles/cnn_core.dir/src/core/Tensor.cpp.o
[ 14%] Building CXX object CMakeFiles/cnn_core.dir/src/data/Dataset.cpp.o
[ 14%] Building CXX object CMakeFiles/cnn_core.dir/src/layers/ActivationFactory.cpp.o
[ 21%] Building CXX object CMakeFiles/cnn_core.dir/src/layers/ActivationLayer.cpp.o
[ 28%] Building CXX object CMakeFiles/cnn_core.dir/src/layers/ConcatenateLayer.cpp.o
[ 32%] Building CXX object CMakeFiles/cnn_core.dir/src/layers/Conv2DLayer.cpp.o
[ 35%] Building CXX object CMakeFiles/cnn_core.dir/src/layers/DenseLayer.cpp.o
[ 35%] Building CXX object CMakeFiles/cnn_core.dir/src/layers/DropoutLayer.cpp.o
[ 46%] Building CXX object CMakeFiles/cnn_core.dir/src/layers/FlattenLayer.cpp.o
[ 50%] Building CXX object CMakeFiles/cnn_core.dir/src/layers/LeakyReLULayer.cpp.o
[ 50%] Building CXX object CMakeFiles/cnn_core.dir/src/layers/ReLULayer.cpp.o
[ 53%] Building CXX object CMakeFiles/cnn_core.dir/src/layers/SigmoidLayer.cpp.o
[ 53%] Building CXX object CMakeFiles/cnn_core.dir/src/layers/TanhLayer.cpp.o
[ 60%] Building CXX object CMakeFiles/cnn_core.dir/src/model/CNNModel.cpp.o
[ 78%] Building CXX object CMakeFiles/cnn_core.dir/src/optimizers/AdagradOptimizer.cpp.o
[ 78%] Building CXX object CMakeFiles/cnn_core.dir/src/training/Trainer.cpp.o
[ 78%] Building CXX object CMakeFiles/cnn_core.dir/src/optimizers/SGDOptimizer.cpp.o
[ 78%] Building CXX object CMakeFiles/cnn_core.dir/src/optimizers/AdamOptimizer.cpp.o
[ 78%] Building CXX object CMakeFiles/cnn_core.dir/src/model/ModelFactory.cpp.o
[ 89%] Building CXX object CMakeFiles/cnn_core.dir/src/training/TrainingDiagnostics.cpp.o
[ 89%] Building CXX object CMakeFiles/cnn_core.dir/src/optimizers/LRScheduler.cpp.o
[ 89%] Building CXX object CMakeFiles/cnn_core.dir/src/tuning/CrossValidator.cpp.o
[ 89%] Building CXX object CMakeFiles/cnn_core.dir/src/optimizers/RMSpropOptimizer.cpp.o
[ 89%] Building CXX object CMakeFiles/cnn_core.dir/src/tuning/TrialConfig.cpp.o
[ 92%] Linking CXX static library libcnn_core.a
[ 92%] Built target cnn_core
[ 96%] Building CXX object CMakeFiles/re_tuning.dir/experiments/re_tuning/main.cpp.o
[100%] Linking CXX executable experiments/re_tuning
[100%] Built target re_tuning
Output: results/re-tuning/trial-4-seed-1b_slurm-56688203
MPI startup(): Warning: I_MPI_PMI_LIBRARY will be ignored since the hydra process manager was found
MPI startup(): Warning: I_MPI_PMI_LIBRARY will be ignored since the hydra process manager was found
MPI startup(): Warning: I_MPI_PMI_LIBRARY will be ignored since the hydra process manager was found
MPI startup(): Warning: I_MPI_PMI_LIBRARY will be ignored since the hydra process manager was found
MPI startup(): Warning: I_MPI_PMI_LIBRARY will be ignored since the hydra process manager was found
MPI startup(): Warning: I_MPI_PMI_LIBRARY will be ignored since the hydra process manager was found
MPI startup(): Warning: I_MPI_PMI_LIBRARY will be ignored since the hydra process manager was found
MPI startup(): Warning: I_MPI_PMI_LIBRARY will be ignored since the hydra process manager was found
MPI startup(): Warning: I_MPI_PMI_LIBRARY will be ignored since the hydra process manager was found
MPI startup(): Warning: I_MPI_PMI_LIBRARY will be ignored since the hydra process manager was found
MPI startup(): Warning: I_MPI_PMI_LIBRARY will be ignored since the hydra process manager was found
MPI startup(): Warning: I_MPI_PMI_LIBRARY will be ignored since the hydra process manager was found
MPI startup(): Warning: I_MPI_PMI_LIBRARY will be ignored since the hydra process manager was found
MPI startup(): Warning: I_MPI_PMI_LIBRARY will be ignored since the hydra process manager was found
MPI startup(): Warning: I_MPI_PMI_LIBRARY will be ignored since the hydra process manager was found
MPI startup(): Warning: I_MPI_PMI_LIBRARY will be ignored since the hydra process manager was found
MPI startup(): Warning: I_MPI_PMI_LIBRARY will be ignored since the hydra process manager was found
MPI startup(): Warning: I_MPI_PMI_LIBRARY will be ignored since the hydra process manager was found
MPI startup(): Warning: I_MPI_PMI_LIBRARY will be ignored since the hydra process manager was found
MPI startup(): Warning: I_MPI_PMI_LIBRARY will be ignored since the hydra process manager was found
MPI startup(): Warning: I_MPI_PMI_LIBRARY will be ignored since the hydra process manager was found
MPI startup(): Warning: I_MPI_PMI_LIBRARY will be ignored since the hydra process manager was found
MPI startup(): Warning: I_MPI_PMI_LIBRARY will be ignored since the hydra process manager was found
MPI startup(): Warning: I_MPI_PMI_LIBRARY will be ignored since the hydra process manager was found
MPI startup(): Warning: I_MPI_PMI_LIBRARY will be ignored since the hydra process manager was found
MPI startup(): Warning: I_MPI_PMI_LIBRARY will be ignored since the hydra process manager was found
MPI startup(): Warning: I_MPI_PMI_LIBRARY will be ignored since the hydra process manager was found
MPI startup(): Warning: I_MPI_PMI_LIBRARY will be ignored since the hydra process manager was found
MPI startup(): Warning: I_MPI_PMI_LIBRARY will be ignored since the hydra process manager was found
MPI startup(): Warning: I_MPI_PMI_LIBRARY will be ignored since the hydra process manager was found
MPI startup(): Warning: I_MPI_PMI_LIBRARY will be ignored since the hydra process manager was found
MPI startup(): Warning: I_MPI_PMI_LIBRARY will be ignored since the hydra process manager was found
MPI startup(): Warning: I_MPI_PMI_LIBRARY will be ignored since the hydra process manager was found
MPI startup(): Warning: I_MPI_PMI_LIBRARY will be ignored since the hydra process manager was found
MPI startup(): Warning: I_MPI_PMI_LIBRARY will be ignored since the hydra process manager was found
MPI startup(): Warning: I_MPI_PMI_LIBRARY will be ignored since the hydra process manager was found
MPI startup(): Warning: I_MPI_PMI_LIBRARY will be ignored since the hydra process manager was found
MPI startup(): Warning: I_MPI_PMI_LIBRARY will be ignored since the hydra process manager was found
MPI startup(): Warning: I_MPI_PMI_LIBRARY will be ignored since the hydra process manager was found
MPI startup(): Warning: I_MPI_PMI_LIBRARY will be ignored since the hydra process manager was found
MPI startup(): Warning: I_MPI_PMI_LIBRARY will be ignored since the hydra process manager was found
MPI startup(): Warning: I_MPI_PMI_LIBRARY will be ignored since the hydra process manager was found
MPI startup(): Warning: I_MPI_PMI_LIBRARY will be ignored since the hydra process manager was found
MPI startup(): Warning: I_MPI_PMI_LIBRARY will be ignored since the hydra process manager was found
MPI startup(): Warning: I_MPI_PMI_LIBRARY will be ignored since the hydra process manager was found
MPI startup(): Warning: I_MPI_PMI_LIBRARY will be ignored since the hydra process manager was found
MPI startup(): Warning: I_MPI_PMI_LIBRARY will be ignored since the hydra process manager was found
MPI startup(): Warning: I_MPI_PMI_LIBRARY will be ignored since the hydra process manager was found
MPI startup(): Warning: I_MPI_PMI_LIBRARY will be ignored since the hydra process manager was found
MPI startup(): Warning: I_MPI_PMI_LIBRARY will be ignored since the hydra process manager was found
MPI startup(): Warning: I_MPI_PMI_LIBRARY will be ignored since the hydra process manager was found
MPI startup(): Warning: I_MPI_PMI_LIBRARY will be ignored since the hydra process manager was found
MPI startup(): Warning: I_MPI_PMI_LIBRARY will be ignored since the hydra process manager was found
MPI startup(): Warning: I_MPI_PMI_LIBRARY will be ignored since the hydra process manager was found
MPI startup(): Warning: I_MPI_PMI_LIBRARY will be ignored since the hydra process manager was found
MPI startup(): Warning: I_MPI_PMI_LIBRARY will be ignored since the hydra process manager was found
MPI startup(): Warning: I_MPI_PMI_LIBRARY will be ignored since the hydra process manager was found
MPI startup(): Warning: I_MPI_PMI_LIBRARY will be ignored since the hydra process manager was found
MPI startup(): Warning: I_MPI_PMI_LIBRARY will be ignored since the hydra process manager was found
MPI startup(): Warning: I_MPI_PMI_LIBRARY will be ignored since the hydra process manager was found
MPI startup(): Warning: I_MPI_PMI_LIBRARY will be ignored since the hydra process manager was found
MPI startup(): Warning: I_MPI_PMI_LIBRARY will be ignored since the hydra process manager was found
MPI startup(): Warning: I_MPI_PMI_LIBRARY will be ignored since the hydra process manager was found
MPI startup(): Warning: I_MPI_PMI_LIBRARY will be ignored since the hydra process manager was found
Re-training stage: trial-4-seed-1b
Run name: trial-4-seed-1b_slurm-56688203
Topology: conv5x5, channels 8, dense 1024-512-256-128-1
Adam learning rate: 1e-3
Physics weight: 0.10
Dropout/L1/L2: 0/0/0
Epoch cap: 834
Global batch size: 257
Batch construction: balanced
Early stopping: enabled
Early stopping policy: patience
Seed: 1
Epoch 1/834 | samples=1542 | steps=6 | train_objective=3.50096 | training_physical_mse=0.325719 | validation_physical_mse=0.318634 | lr=0.001 | configured_lr=0.001 | grad_rms=102.022 | activation_var(mean/min/max)=0.76185/0.170783/1.14669
Epoch 2/834 | samples=1542 | steps=6 | train_objective=0.298058 | training_physical_mse=0.0298238 | validation_physical_mse=0.0312181 | lr=0.001 | configured_lr=0.001 | grad_rms=30.8581 | activation_var(mean/min/max)=1.64797/0.142078/2.79584
Epoch 3/834 | samples=1542 | steps=6 | train_objective=0.0922017 | training_physical_mse=0.0361056 | validation_physical_mse=0.0378002 | lr=0.001 | configured_lr=0.001 | grad_rms=14.302 | activation_var(mean/min/max)=1.75606/0.12384/3.01014
Epoch 4/834 | samples=1542 | steps=6 | train_objective=0.057576 | training_physical_mse=0.017625 | validation_physical_mse=0.0189999 | lr=0.001 | configured_lr=0.001 | grad_rms=9.4523 | activation_var(mean/min/max)=1.56297/0.112823/2.68364
Epoch 5/834 | samples=1542 | steps=6 | train_objective=0.0389156 | training_physical_mse=0.0124263 | validation_physical_mse=0.0136545 | lr=0.001 | configured_lr=0.001 | grad_rms=6.18003 | activation_var(mean/min/max)=1.38606/0.106536/2.39317
Epoch 6/834 | samples=1542 | steps=6 | train_objective=0.0321935 | training_physical_mse=0.0121617 | validation_physical_mse=0.0144193 | lr=0.001 | configured_lr=0.001 | grad_rms=4.24056 | activation_var(mean/min/max)=1.23749/0.102335/2.14135
Epoch 7/834 | samples=1542 | steps=6 | train_objective=0.0264582 | training_physical_mse=0.0121881 | validation_physical_mse=0.0134975 | lr=0.001 | configured_lr=0.001 | grad_rms=2.97284 | activation_var(mean/min/max)=1.17151/0.0998099/2.03048
Epoch 8/834 | samples=1542 | steps=6 | train_objective=0.0238543 | training_physical_mse=0.0107729 | validation_physical_mse=0.0123404 | lr=0.001 | configured_lr=0.001 | grad_rms=2.3734 | activation_var(mean/min/max)=1.14096/0.0981485/1.98024
Epoch 9/834 | samples=1542 | steps=6 | train_objective=0.02056 | training_physical_mse=0.0100964 | validation_physical_mse=0.0118887 | lr=0.001 | configured_lr=0.001 | grad_rms=1.37233 | activation_var(mean/min/max)=1.12473/0.0969498/1.95259
Epoch 10/834 | samples=1542 | steps=6 | train_objective=0.0191378 | training_physical_mse=0.00960959 | validation_physical_mse=0.0116929 | lr=0.001 | configured_lr=0.001 | grad_rms=1.29786 | activation_var(mean/min/max)=1.12502/0.0962143/1.95267
Epoch 11/834 | samples=1542 | steps=6 | train_objective=0.0175927 | training_physical_mse=0.0082386 | validation_physical_mse=0.00999282 | lr=0.001 | configured_lr=0.001 | grad_rms=1.05266 | activation_var(mean/min/max)=1.13783/0.0958819/1.97524
Epoch 12/834 | samples=1542 | steps=6 | train_objective=0.0160986 | training_physical_mse=0.00754973 | validation_physical_mse=0.00944524 | lr=0.001 | configured_lr=0.001 | grad_rms=0.909312 | activation_var(mean/min/max)=1.14715/0.0957025/1.99173
Epoch 13/834 | samples=1542 | steps=6 | train_objective=0.015206 | training_physical_mse=0.00716211 | validation_physical_mse=0.00920113 | lr=0.001 | configured_lr=0.001 | grad_rms=0.711963 | activation_var(mean/min/max)=1.15126/0.0955923/1.99853
Epoch 14/834 | samples=1542 | steps=6 | train_objective=0.0144608 | training_physical_mse=0.00696935 | validation_physical_mse=0.00874283 | lr=0.001 | configured_lr=0.001 | grad_rms=0.546726 | activation_var(mean/min/max)=1.15337/0.0955515/2.00211
Epoch 15/834 | samples=1542 | steps=6 | train_objective=0.0142877 | training_physical_mse=0.00698787 | validation_physical_mse=0.00888167 | lr=0.001 | configured_lr=0.001 | grad_rms=0.868797 | activation_var(mean/min/max)=1.15242/0.095489/2.00128
Epoch 16/834 | samples=1542 | steps=6 | train_objective=0.0141922 | training_physical_mse=0.00697883 | validation_physical_mse=0.0091448 | lr=0.001 | configured_lr=0.001 | grad_rms=0.827598 | activation_var(mean/min/max)=1.15089/0.0954256/1.99946
Epoch 17/834 | samples=1542 | steps=6 | train_objective=0.014098 | training_physical_mse=0.00696013 | validation_physical_mse=0.00927384 | lr=0.001 | configured_lr=0.001 | grad_rms=0.730877 | activation_var(mean/min/max)=1.15203/0.0954071/2.0017
Epoch 18/834 | samples=1542 | steps=6 | train_objective=0.0148296 | training_physical_mse=0.00704318 | validation_physical_mse=0.0093574 | lr=0.001 | configured_lr=0.001 | grad_rms=1.06313 | activation_var(mean/min/max)=1.15314/0.0953603/2.00423
Epoch 19/834 | samples=1542 | steps=6 | train_objective=0.0145736 | training_physical_mse=0.00696025 | validation_physical_mse=0.00836252 | lr=0.001 | configured_lr=0.001 | grad_rms=1.26203 | activation_var(mean/min/max)=1.15638/0.0952949/2.01103
Epoch 20/834 | samples=1542 | steps=6 | train_objective=0.015086 | training_physical_mse=0.00678707 | validation_physical_mse=0.0088388 | lr=0.001 | configured_lr=0.001 | grad_rms=1.66615 | activation_var(mean/min/max)=1.1555/0.0951744/2.01024
Epoch 21/834 | samples=1542 | steps=6 | train_objective=0.0139786 | training_physical_mse=0.00700041 | validation_physical_mse=0.00919519 | lr=0.001 | configured_lr=0.001 | grad_rms=0.975846 | activation_var(mean/min/max)=1.15384/0.0950581/2.00702
Epoch 22/834 | samples=1542 | steps=6 | train_objective=0.014265 | training_physical_mse=0.00713755 | validation_physical_mse=0.00866427 | lr=0.001 | configured_lr=0.001 | grad_rms=1.49191 | activation_var(mean/min/max)=1.15159/0.0949443/2.00303
Epoch 23/834 | samples=1542 | steps=6 | train_objective=0.0143609 | training_physical_mse=0.00704208 | validation_physical_mse=0.00898278 | lr=0.001 | configured_lr=0.001 | grad_rms=1.65086 | activation_var(mean/min/max)=1.14687/0.0948041/1.99531
Epoch 24/834 | samples=1542 | steps=6 | train_objective=0.0143489 | training_physical_mse=0.00778236 | validation_physical_mse=0.00904107 | lr=0.001 | configured_lr=0.001 | grad_rms=1.44741 | activation_var(mean/min/max)=1.14021/0.0946471/1.98438
Epoch 25/834 | samples=1542 | steps=6 | train_objective=0.0142883 | training_physical_mse=0.00650091 | validation_physical_mse=0.00816461 | lr=0.001 | configured_lr=0.001 | grad_rms=1.17915 | activation_var(mean/min/max)=1.13108/0.0943962/1.96885
Epoch 26/834 | samples=1542 | steps=6 | train_objective=0.0134157 | training_physical_mse=0.00612119 | validation_physical_mse=0.00827952 | lr=0.001 | configured_lr=0.001 | grad_rms=0.932399 | activation_var(mean/min/max)=1.12502/0.0941914/1.95833
Epoch 27/834 | samples=1542 | steps=6 | train_objective=0.0126266 | training_physical_mse=0.00628414 | validation_physical_mse=0.00864525 | lr=0.001 | configured_lr=0.001 | grad_rms=0.400308 | activation_var(mean/min/max)=1.11909/0.0940624/1.94849
Epoch 28/834 | samples=1542 | steps=6 | train_objective=0.0125526 | training_physical_mse=0.00599347 | validation_physical_mse=0.00795378 | lr=0.001 | configured_lr=0.001 | grad_rms=0.532791 | activation_var(mean/min/max)=1.11767/0.0940267/1.94643
Epoch 29/834 | samples=1542 | steps=6 | train_objective=0.0124742 | training_physical_mse=0.00629549 | validation_physical_mse=0.00827031 | lr=0.001 | configured_lr=0.001 | grad_rms=0.57549 | activation_var(mean/min/max)=1.11683/0.0939758/1.94596
Epoch 30/834 | samples=1542 | steps=6 | train_objective=0.0128033 | training_physical_mse=0.00600452 | validation_physical_mse=0.00800162 | lr=0.001 | configured_lr=0.001 | grad_rms=0.806478 | activation_var(mean/min/max)=1.11453/0.0939096/1.94271
Epoch 31/834 | samples=1542 | steps=6 | train_objective=0.0129319 | training_physical_mse=0.00603755 | validation_physical_mse=0.00796432 | lr=0.001 | configured_lr=0.001 | grad_rms=0.95286 | activation_var(mean/min/max)=1.11231/0.0938417/1.93823
Epoch 32/834 | samples=1542 | steps=6 | train_objective=0.013197 | training_physical_mse=0.0058648 | validation_physical_mse=0.00819126 | lr=0.001 | configured_lr=0.001 | grad_rms=1.47389 | activation_var(mean/min/max)=1.109/0.0937397/1.93251
Epoch 33/834 | samples=1542 | steps=6 | train_objective=0.0119611 | training_physical_mse=0.00565815 | validation_physical_mse=0.00792374 | lr=0.001 | configured_lr=0.001 | grad_rms=0.475598 | activation_var(mean/min/max)=1.10524/0.0936307/1.92677
Epoch 34/834 | samples=1542 | steps=6 | train_objective=0.0121843 | training_physical_mse=0.00569489 | validation_physical_mse=0.00781971 | lr=0.001 | configured_lr=0.001 | grad_rms=0.946054 | activation_var(mean/min/max)=1.10119/0.0935287/1.92015
Epoch 35/834 | samples=1542 | steps=6 | train_objective=0.0117193 | training_physical_mse=0.00645959 | validation_physical_mse=0.00912909 | lr=0.001 | configured_lr=0.001 | grad_rms=0.668444 | activation_var(mean/min/max)=1.09589/0.0933899/1.91161
Epoch 36/834 | samples=1542 | steps=6 | train_objective=0.0128677 | training_physical_mse=0.00622887 | validation_physical_mse=0.00834068 | lr=0.001 | configured_lr=0.001 | grad_rms=1.51753 | activation_var(mean/min/max)=1.09519/0.0933392/1.91047
Epoch 37/834 | samples=1542 | steps=6 | train_objective=0.0126178 | training_physical_mse=0.00549687 | validation_physical_mse=0.00782561 | lr=0.001 | configured_lr=0.001 | grad_rms=1.13053 | activation_var(mean/min/max)=1.09194/0.0932218/1.90492
Epoch 38/834 | samples=1542 | steps=6 | train_objective=0.0119875 | training_physical_mse=0.00563375 | validation_physical_mse=0.00740697 | lr=0.001 | configured_lr=0.001 | grad_rms=1.03528 | activation_var(mean/min/max)=1.08806/0.0930729/1.89898
Epoch 39/834 | samples=1542 | steps=6 | train_objective=0.0118392 | training_physical_mse=0.00524819 | validation_physical_mse=0.00751039 | lr=0.001 | configured_lr=0.001 | grad_rms=1.31172 | activation_var(mean/min/max)=1.08235/0.0928985/1.88991
Epoch 40/834 | samples=1542 | steps=6 | train_objective=0.0111148 | training_physical_mse=0.00584909 | validation_physical_mse=0.00814168 | lr=0.001 | configured_lr=0.001 | grad_rms=0.708009 | activation_var(mean/min/max)=1.07803/0.0927545/1.88309
Epoch 41/834 | samples=1542 | steps=6 | train_objective=0.0121024 | training_physical_mse=0.0056419 | validation_physical_mse=0.00734118 | lr=0.001 | configured_lr=0.001 | grad_rms=1.53397 | activation_var(mean/min/max)=1.07347/0.0926394/1.8749
Epoch 42/834 | samples=1542 | steps=6 | train_objective=0.0137029 | training_physical_mse=0.00545731 | validation_physical_mse=0.00755166 | lr=0.001 | configured_lr=0.001 | grad_rms=2.37395 | activation_var(mean/min/max)=1.06612/0.0924403/1.86236
Epoch 43/834 | samples=1542 | steps=6 | train_objective=0.014822 | training_physical_mse=0.00776274 | validation_physical_mse=0.010643 | lr=0.001 | configured_lr=0.001 | grad_rms=2.73985 | activation_var(mean/min/max)=1.05093/0.0920734/1.83636
Epoch 44/834 | samples=1542 | steps=6 | train_objective=0.0131515 | training_physical_mse=0.00660554 | validation_physical_mse=0.00877213 | lr=0.001 | configured_lr=0.001 | grad_rms=1.92855 | activation_var(mean/min/max)=1.03133/0.0915383/1.80444
Epoch 45/834 | samples=1542 | steps=6 | train_objective=0.0128225 | training_physical_mse=0.00545469 | validation_physical_mse=0.0079257 | lr=0.001 | configured_lr=0.001 | grad_rms=1.64229 | activation_var(mean/min/max)=1.01224/0.0910096/1.77115
Epoch 46/834 | samples=1542 | steps=6 | train_objective=0.0119919 | training_physical_mse=0.00489342 | validation_physical_mse=0.00719436 | lr=0.001 | configured_lr=0.001 | grad_rms=1.33191 | activation_var(mean/min/max)=1.00026/0.0906031/1.74974
Epoch 47/834 | samples=1542 | steps=6 | train_objective=0.0118 | training_physical_mse=0.00540767 | validation_physical_mse=0.00786185 | lr=0.001 | configured_lr=0.001 | grad_rms=1.42435 | activation_var(mean/min/max)=0.987013/0.0902057/1.72683
Epoch 48/834 | samples=1542 | steps=6 | train_objective=0.0125896 | training_physical_mse=0.00610045 | validation_physical_mse=0.00780696 | lr=0.001 | configured_lr=0.001 | grad_rms=1.59883 | activation_var(mean/min/max)=0.977565/0.089896/1.71074
Epoch 49/834 | samples=1542 | steps=6 | train_objective=0.0111974 | training_physical_mse=0.00537501 | validation_physical_mse=0.00748825 | lr=0.001 | configured_lr=0.001 | grad_rms=1.17072 | activation_var(mean/min/max)=0.971183/0.0895883/1.70061
Epoch 50/834 | samples=1542 | steps=6 | train_objective=0.0109496 | training_physical_mse=0.00501901 | validation_physical_mse=0.00748615 | lr=0.001 | configured_lr=0.001 | grad_rms=1.15752 | activation_var(mean/min/max)=0.965078/0.0893164/1.69043
Epoch 51/834 | samples=1542 | steps=6 | train_objective=0.0102554 | training_physical_mse=0.0048655 | validation_physical_mse=0.00679057 | lr=0.001 | configured_lr=0.001 | grad_rms=0.833811 | activation_var(mean/min/max)=0.960457/0.089121/1.68211
Epoch 52/834 | samples=1542 | steps=6 | train_objective=0.00991513 | training_physical_mse=0.00527767 | validation_physical_mse=0.0078996 | lr=0.001 | configured_lr=0.001 | grad_rms=0.746361 | activation_var(mean/min/max)=0.956986/0.0889887/1.67718
Epoch 53/834 | samples=1542 | steps=6 | train_objective=0.0102667 | training_physical_mse=0.00480611 | validation_physical_mse=0.00672201 | lr=0.001 | configured_lr=0.001 | grad_rms=1.06231 | activation_var(mean/min/max)=0.950526/0.0888262/1.66609
Epoch 54/834 | samples=1542 | steps=6 | train_objective=0.0095381 | training_physical_mse=0.00447395 | validation_physical_mse=0.00685749 | lr=0.001 | configured_lr=0.001 | grad_rms=0.524112 | activation_var(mean/min/max)=0.94642/0.0887021/1.65918
Epoch 55/834 | samples=1542 | steps=6 | train_objective=0.00976839 | training_physical_mse=0.00447667 | validation_physical_mse=0.00681819 | lr=0.001 | configured_lr=0.001 | grad_rms=0.798976 | activation_var(mean/min/max)=0.945711/0.0886388/1.65882
Epoch 56/834 | samples=1542 | steps=6 | train_objective=0.00968868 | training_physical_mse=0.00482003 | validation_physical_mse=0.00665043 | lr=0.001 | configured_lr=0.001 | grad_rms=0.764187 | activation_var(mean/min/max)=0.941507/0.0885692/1.65079
Epoch 57/834 | samples=1542 | steps=6 | train_objective=0.0102232 | training_physical_mse=0.0046599 | validation_physical_mse=0.00687702 | lr=0.001 | configured_lr=0.001 | grad_rms=1.03354 | activation_var(mean/min/max)=0.939348/0.0884684/1.64754
Epoch 58/834 | samples=1542 | steps=6 | train_objective=0.0106684 | training_physical_mse=0.00545522 | validation_physical_mse=0.00758737 | lr=0.001 | configured_lr=0.001 | grad_rms=1.19774 | activation_var(mean/min/max)=0.937376/0.0883338/1.64483
Epoch 59/834 | samples=1542 | steps=6 | train_objective=0.0106117 | training_physical_mse=0.00585638 | validation_physical_mse=0.00848996 | lr=0.001 | configured_lr=0.001 | grad_rms=1.21628 | activation_var(mean/min/max)=0.933915/0.088139/1.63729
Epoch 60/834 | samples=1542 | steps=6 | train_objective=0.0107744 | training_physical_mse=0.0052283 | validation_physical_mse=0.00786423 | lr=0.001 | configured_lr=0.001 | grad_rms=1.58197 | activation_var(mean/min/max)=0.927387/0.0878712/1.62621
Epoch 61/834 | samples=1542 | steps=6 | train_objective=0.0117947 | training_physical_mse=0.00799402 | validation_physical_mse=0.00941234 | lr=0.001 | configured_lr=0.001 | grad_rms=2.04642 | activation_var(mean/min/max)=0.917225/0.087545/1.6089
Epoch 62/834 | samples=1542 | steps=6 | train_objective=0.0120162 | training_physical_mse=0.00505446 | validation_physical_mse=0.00757389 | lr=0.001 | configured_lr=0.001 | grad_rms=2.10743 | activation_var(mean/min/max)=0.894496/0.0870114/1.5694
Epoch 63/834 | samples=1542 | steps=6 | train_objective=0.0113514 | training_physical_mse=0.00424841 | validation_physical_mse=0.00655561 | lr=0.001 | configured_lr=0.001 | grad_rms=1.88369 | activation_var(mean/min/max)=0.878624/0.0866115/1.5403
Epoch 64/834 | samples=1542 | steps=6 | train_objective=0.0108096 | training_physical_mse=0.0051487 | validation_physical_mse=0.00686792 | lr=0.001 | configured_lr=0.001 | grad_rms=1.65681 | activation_var(mean/min/max)=0.859449/0.0861335/1.50623
Epoch 65/834 | samples=1542 | steps=6 | train_objective=0.0103831 | training_physical_mse=0.00552696 | validation_physical_mse=0.00823643 | lr=0.001 | configured_lr=0.001 | grad_rms=1.58245 | activation_var(mean/min/max)=0.846639/0.0857081/1.48422
Epoch 66/834 | samples=1542 | steps=6 | train_objective=0.00987856 | training_physical_mse=0.00392563 | validation_physical_mse=0.00619113 | lr=0.001 | configured_lr=0.001 | grad_rms=1.33758 | activation_var(mean/min/max)=0.832812/0.0852778/1.4606
Epoch 67/834 | samples=1542 | steps=6 | train_objective=0.00916144 | training_physical_mse=0.00467158 | validation_physical_mse=0.00656234 | lr=0.001 | configured_lr=0.001 | grad_rms=0.967058 | activation_var(mean/min/max)=0.829875/0.085071/1.45533
Epoch 68/834 | samples=1542 | steps=6 | train_objective=0.00961145 | training_physical_mse=0.00398861 | validation_physical_mse=0.00610647 | lr=0.001 | configured_lr=0.001 | grad_rms=1.1063 | activation_var(mean/min/max)=0.820791/0.0847621/1.43912
Epoch 69/834 | samples=1542 | steps=6 | train_objective=0.0100877 | training_physical_mse=0.00540579 | validation_physical_mse=0.00818494 | lr=0.001 | configured_lr=0.001 | grad_rms=1.22285 | activation_var(mean/min/max)=0.819295/0.0846072/1.43698
Epoch 70/834 | samples=1542 | steps=6 | train_objective=0.00976345 | training_physical_mse=0.00538642 | validation_physical_mse=0.00725452 | lr=0.001 | configured_lr=0.001 | grad_rms=1.0801 | activation_var(mean/min/max)=0.806883/0.0842292/1.41433
Epoch 71/834 | samples=1542 | steps=6 | train_objective=0.00978719 | training_physical_mse=0.00448492 | validation_physical_mse=0.00713073 | lr=0.001 | configured_lr=0.001 | grad_rms=1.1498 | activation_var(mean/min/max)=0.810039/0.0840484/1.4196
Epoch 72/834 | samples=1542 | steps=6 | train_objective=0.00904714 | training_physical_mse=0.00411466 | validation_physical_mse=0.00606449 | lr=0.001 | configured_lr=0.001 | grad_rms=0.676565 | activation_var(mean/min/max)=0.795447/0.0836668/1.39379
Epoch 73/834 | samples=1542 | steps=6 | train_objective=0.00919878 | training_physical_mse=0.00431378 | validation_physical_mse=0.00694324 | lr=0.001 | configured_lr=0.001 | grad_rms=0.84125 | activation_var(mean/min/max)=0.791986/0.0834822/1.38776
Epoch 74/834 | samples=1542 | steps=6 | train_objective=0.00880271 | training_physical_mse=0.00391321 | validation_physical_mse=0.00598108 | lr=0.001 | configured_lr=0.001 | grad_rms=0.823876 | activation_var(mean/min/max)=0.789515/0.0832912/1.38279
Epoch 75/834 | samples=1542 | steps=6 | train_objective=0.00833974 | training_physical_mse=0.00375945 | validation_physical_mse=0.00605382 | lr=0.001 | configured_lr=0.001 | grad_rms=0.46379 | activation_var(mean/min/max)=0.786707/0.0831407/1.37657
Epoch 76/834 | samples=1542 | steps=6 | train_objective=0.00855098 | training_physical_mse=0.00415572 | validation_physical_mse=0.00661374 | lr=0.001 | configured_lr=0.001 | grad_rms=0.751772 | activation_var(mean/min/max)=0.786477/0.0830592/1.37591
Epoch 77/834 | samples=1542 | steps=6 | train_objective=0.00865439 | training_physical_mse=0.00419423 | validation_physical_mse=0.00600106 | lr=0.001 | configured_lr=0.001 | grad_rms=0.963552 | activation_var(mean/min/max)=0.781556/0.0829708/1.36746
Epoch 78/834 | samples=1542 | steps=6 | train_objective=0.00893591 | training_physical_mse=0.00376093 | validation_physical_mse=0.00610725 | lr=0.001 | configured_lr=0.001 | grad_rms=1.10038 | activation_var(mean/min/max)=0.778201/0.0828284/1.36214
Epoch 79/834 | samples=1542 | steps=6 | train_objective=0.00860102 | training_physical_mse=0.00360402 | validation_physical_mse=0.00585885 | lr=0.001 | configured_lr=0.001 | grad_rms=0.909068 | activation_var(mean/min/max)=0.775245/0.0826927/1.35668
Epoch 80/834 | samples=1542 | steps=6 | train_objective=0.00845294 | training_physical_mse=0.00357949 | validation_physical_mse=0.00578963 | lr=0.001 | configured_lr=0.001 | grad_rms=0.867301 | activation_var(mean/min/max)=0.770535/0.0825559/1.34742
Epoch 81/834 | samples=1542 | steps=6 | train_objective=0.00798622 | training_physical_mse=0.00356939 | validation_physical_mse=0.00577599 | lr=0.001 | configured_lr=0.001 | grad_rms=0.576049 | activation_var(mean/min/max)=0.769328/0.0824722/1.34544
Epoch 82/834 | samples=1542 | steps=6 | train_objective=0.00816868 | training_physical_mse=0.00402438 | validation_physical_mse=0.0064645 | lr=0.001 | configured_lr=0.001 | grad_rms=0.644041 | activation_var(mean/min/max)=0.765244/0.0823872/1.33771
Epoch 83/834 | samples=1542 | steps=6 | train_objective=0.00851424 | training_physical_mse=0.00392746 | validation_physical_mse=0.00589857 | lr=0.001 | configured_lr=0.001 | grad_rms=0.934512 | activation_var(mean/min/max)=0.763544/0.0822874/1.33484
Epoch 84/834 | samples=1542 | steps=6 | train_objective=0.00857251 | training_physical_mse=0.00360613 | validation_physical_mse=0.00578757 | lr=0.001 | configured_lr=0.001 | grad_rms=0.997299 | activation_var(mean/min/max)=0.761257/0.0821645/1.33079
Epoch 85/834 | samples=1542 | steps=6 | train_objective=0.00872083 | training_physical_mse=0.00373985 | validation_physical_mse=0.00592846 | lr=0.001 | configured_lr=0.001 | grad_rms=1.1549 | activation_var(mean/min/max)=0.757647/0.0820264/1.32459
Epoch 86/834 | samples=1542 | steps=6 | train_objective=0.00878473 | training_physical_mse=0.00391495 | validation_physical_mse=0.00623041 | lr=0.001 | configured_lr=0.001 | grad_rms=0.967917 | activation_var(mean/min/max)=0.75363/0.0818726/1.31692
Epoch 87/834 | samples=1542 | steps=6 | train_objective=0.00819296 | training_physical_mse=0.00345849 | validation_physical_mse=0.00555698 | lr=0.001 | configured_lr=0.001 | grad_rms=0.635466 | activation_var(mean/min/max)=0.746448/0.0816205/1.30403
Epoch 88/834 | samples=1542 | steps=6 | train_objective=0.00796698 | training_physical_mse=0.00369867 | validation_physical_mse=0.00573968 | lr=0.001 | configured_lr=0.001 | grad_rms=0.540218 | activation_var(mean/min/max)=0.74473/0.0815054/1.30132
Epoch 89/834 | samples=1542 | steps=6 | train_objective=0.00809798 | training_physical_mse=0.00407965 | validation_physical_mse=0.00603124 | lr=0.001 | configured_lr=0.001 | grad_rms=0.83389 | activation_var(mean/min/max)=0.741312/0.0814205/1.29493
Epoch 90/834 | samples=1542 | steps=6 | train_objective=0.00857264 | training_physical_mse=0.00425798 | validation_physical_mse=0.00610188 | lr=0.001 | configured_lr=0.001 | grad_rms=1.05642 | activation_var(mean/min/max)=0.736505/0.0813116/1.28618
Epoch 91/834 | samples=1542 | steps=6 | train_objective=0.00901843 | training_physical_mse=0.00358022 | validation_physical_mse=0.00583784 | lr=0.001 | configured_lr=0.001 | grad_rms=1.22751 | activation_var(mean/min/max)=0.732738/0.0811407/1.27932
Epoch 92/834 | samples=1542 | steps=6 | train_objective=0.00846647 | training_physical_mse=0.00422141 | validation_physical_mse=0.00667497 | lr=0.001 | configured_lr=0.001 | grad_rms=0.942364 | activation_var(mean/min/max)=0.725797/0.0808229/1.26801
Epoch 93/834 | samples=1542 | steps=6 | train_objective=0.00863644 | training_physical_mse=0.00486203 | validation_physical_mse=0.00676267 | lr=0.001 | configured_lr=0.001 | grad_rms=1.00966 | activation_var(mean/min/max)=0.724466/0.0806331/1.26492
Epoch 94/834 | samples=1542 | steps=6 | train_objective=0.0113188 | training_physical_mse=0.00385771 | validation_physical_mse=0.00601177 | lr=0.001 | configured_lr=0.001 | grad_rms=1.88371 | activation_var(mean/min/max)=0.716162/0.0802462/1.25015
Epoch 95/834 | samples=1542 | steps=6 | train_objective=0.0096371 | training_physical_mse=0.00425029 | validation_physical_mse=0.00665429 | lr=0.001 | configured_lr=0.001 | grad_rms=1.33551 | activation_var(mean/min/max)=0.701109/0.079752/1.22482
Epoch 96/834 | samples=1542 | steps=6 | train_objective=0.0086014 | training_physical_mse=0.00398859 | validation_physical_mse=0.00613225 | lr=0.001 | configured_lr=0.001 | grad_rms=0.944739 | activation_var(mean/min/max)=0.689822/0.0792965/1.2057
Epoch 97/834 | samples=1542 | steps=6 | train_objective=0.00898853 | training_physical_mse=0.0040617 | validation_physical_mse=0.00613925 | lr=0.001 | configured_lr=0.001 | grad_rms=0.954831 | activation_var(mean/min/max)=0.691034/0.079067/1.20632
Epoch 98/834 | samples=1542 | steps=6 | train_objective=0.00860154 | training_physical_mse=0.0039176 | validation_physical_mse=0.00621001 | lr=0.001 | configured_lr=0.001 | grad_rms=0.771358 | activation_var(mean/min/max)=0.686038/0.0786794/1.19722
Epoch 99/834 | samples=1542 | steps=6 | train_objective=0.00815263 | training_physical_mse=0.00359494 | validation_physical_mse=0.00571798 | lr=0.001 | configured_lr=0.001 | grad_rms=0.865467 | activation_var(mean/min/max)=0.681988/0.0783258/1.18929
Epoch 100/834 | samples=1542 | steps=6 | train_objective=0.00797783 | training_physical_mse=0.00362536 | validation_physical_mse=0.0055235 | lr=0.001 | configured_lr=0.001 | grad_rms=0.649809 | activation_var(mean/min/max)=0.67856/0.0780568/1.18279
Epoch 101/834 | samples=1542 | steps=6 | train_objective=0.00889457 | training_physical_mse=0.00482695 | validation_physical_mse=0.00723126 | lr=0.001 | configured_lr=0.001 | grad_rms=1.34434 | activation_var(mean/min/max)=0.676327/0.0778335/1.17906
Epoch 102/834 | samples=1542 | steps=6 | train_objective=0.00859616 | training_physical_mse=0.00355416 | validation_physical_mse=0.00562572 | lr=0.001 | configured_lr=0.001 | grad_rms=1.13857 | activation_var(mean/min/max)=0.670536/0.0776298/1.16856
Epoch 103/834 | samples=1542 | steps=6 | train_objective=0.00950206 | training_physical_mse=0.00428829 | validation_physical_mse=0.00616964 | lr=0.001 | configured_lr=0.001 | grad_rms=1.50384 | activation_var(mean/min/max)=0.662554/0.0773563/1.15459
Epoch 104/834 | samples=1542 | steps=6 | train_objective=0.00951271 | training_physical_mse=0.00636207 | validation_physical_mse=0.00913554 | lr=0.001 | configured_lr=0.001 | grad_rms=1.51288 | activation_var(mean/min/max)=0.654388/0.0770028/1.14049
Epoch 105/834 | samples=1542 | steps=6 | train_objective=0.0106391 | training_physical_mse=0.00402994 | validation_physical_mse=0.00600712 | lr=0.001 | configured_lr=0.001 | grad_rms=1.83347 | activation_var(mean/min/max)=0.63697/0.076408/1.11
Epoch 106/834 | samples=1542 | steps=6 | train_objective=0.00920235 | training_physical_mse=0.0038735 | validation_physical_mse=0.00606461 | lr=0.001 | configured_lr=0.001 | grad_rms=1.22149 | activation_var(mean/min/max)=0.614774/0.0758014/1.07086
Epoch 107/834 | samples=1542 | steps=6 | train_objective=0.0102397 | training_physical_mse=0.00362819 | validation_physical_mse=0.00584052 | lr=0.001 | configured_lr=0.001 | grad_rms=1.57645 | activation_var(mean/min/max)=0.607384/0.0753698/1.05706
Epoch 108/834 | samples=1542 | steps=6 | train_objective=0.00863127 | training_physical_mse=0.00381281 | validation_physical_mse=0.00570238 | lr=0.001 | configured_lr=0.001 | grad_rms=1.07737 | activation_var(mean/min/max)=0.593981/0.0748054/1.03414
Epoch 109/834 | samples=1542 | steps=6 | train_objective=0.0080019 | training_physical_mse=0.00335443 | validation_physical_mse=0.00548395 | lr=0.001 | configured_lr=0.001 | grad_rms=0.705882 | activation_var(mean/min/max)=0.591433/0.0744312/1.03012
Epoch 110/834 | samples=1542 | steps=6 | train_objective=0.00763556 | training_physical_mse=0.00326197 | validation_physical_mse=0.005476 | lr=0.001 | configured_lr=0.001 | grad_rms=0.682692 | activation_var(mean/min/max)=0.587719/0.0741593/1.02325
Epoch 111/834 | samples=1542 | steps=6 | train_objective=0.00753736 | training_physical_mse=0.00351121 | validation_physical_mse=0.00552811 | lr=0.001 | configured_lr=0.001 | grad_rms=0.543894 | activation_var(mean/min/max)=0.577262/0.0737726/1.00599
Epoch 112/834 | samples=1542 | steps=6 | train_objective=0.00916192 | training_physical_mse=0.00345265 | validation_physical_mse=0.00536791 | lr=0.001 | configured_lr=0.001 | grad_rms=1.35274 | activation_var(mean/min/max)=0.576692/0.0735683/1.00451
Epoch 113/834 | samples=1542 | steps=6 | train_objective=0.00925461 | training_physical_mse=0.00402948 | validation_physical_mse=0.00641906 | lr=0.001 | configured_lr=0.001 | grad_rms=1.30936 | activation_var(mean/min/max)=0.564418/0.0730676/0.982819
Epoch 114/834 | samples=1542 | steps=6 | train_objective=0.00841719 | training_physical_mse=0.00357589 | validation_physical_mse=0.00546868 | lr=0.001 | configured_lr=0.001 | grad_rms=1.03066 | activation_var(mean/min/max)=0.56149/0.0727849/0.978011
Epoch 115/834 | samples=1542 | steps=6 | train_objective=0.00792203 | training_physical_mse=0.00335762 | validation_physical_mse=0.00540093 | lr=0.001 | configured_lr=0.001 | grad_rms=0.823584 | activation_var(mean/min/max)=0.561099/0.072533/0.976106
Epoch 116/834 | samples=1542 | steps=6 | train_objective=0.00746174 | training_physical_mse=0.00344805 | validation_physical_mse=0.005719 | lr=0.001 | configured_lr=0.001 | grad_rms=0.571923 | activation_var(mean/min/max)=0.562107/0.0723718/0.977515
Epoch 117/834 | samples=1542 | steps=6 | train_objective=0.0074325 | training_physical_mse=0.00345482 | validation_physical_mse=0.00541553 | lr=0.001 | configured_lr=0.001 | grad_rms=0.647339 | activation_var(mean/min/max)=0.556773/0.0720744/0.969968
Epoch 118/834 | samples=1542 | steps=6 | train_objective=0.00782513 | training_physical_mse=0.00363543 | validation_physical_mse=0.00585025 | lr=0.001 | configured_lr=0.001 | grad_rms=0.909389 | activation_var(mean/min/max)=0.553403/0.07191/0.963702
Epoch 119/834 | samples=1542 | steps=6 | train_objective=0.0077035 | training_physical_mse=0.00334451 | validation_physical_mse=0.00530011 | lr=0.001 | configured_lr=0.001 | grad_rms=0.840418 | activation_var(mean/min/max)=0.552792/0.0717845/0.962602
Epoch 120/834 | samples=1542 | steps=6 | train_objective=0.00787294 | training_physical_mse=0.00363626 | validation_physical_mse=0.00584016 | lr=0.001 | configured_lr=0.001 | grad_rms=0.895801 | activation_var(mean/min/max)=0.547961/0.0715931/0.954151
Epoch 121/834 | samples=1542 | steps=6 | train_objective=0.00813767 | training_physical_mse=0.00300941 | validation_physical_mse=0.0050182 | lr=0.001 | configured_lr=0.001 | grad_rms=0.981205 | activation_var(mean/min/max)=0.541172/0.0712967/0.943078
Epoch 122/834 | samples=1542 | steps=6 | train_objective=0.00810693 | training_physical_mse=0.00317635 | validation_physical_mse=0.00519446 | lr=0.001 | configured_lr=0.001 | grad_rms=1.00437 | activation_var(mean/min/max)=0.53804/0.0711547/0.936002
Epoch 123/834 | samples=1542 | steps=6 | train_objective=0.00926872 | training_physical_mse=0.00349214 | validation_physical_mse=0.00587015 | lr=0.001 | configured_lr=0.001 | grad_rms=1.3593 | activation_var(mean/min/max)=0.533826/0.0708369/0.928771
Epoch 124/834 | samples=1542 | steps=6 | train_objective=0.00966364 | training_physical_mse=0.00436713 | validation_physical_mse=0.00616043 | lr=0.001 | configured_lr=0.001 | grad_rms=1.45839 | activation_var(mean/min/max)=0.524409/0.0704413/0.912138
Epoch 125/834 | samples=1542 | steps=6 | train_objective=0.0089382 | training_physical_mse=0.00355654 | validation_physical_mse=0.00572787 | lr=0.001 | configured_lr=0.001 | grad_rms=1.15839 | activation_var(mean/min/max)=0.508792/0.0698566/0.883745
Epoch 126/834 | samples=1542 | steps=6 | train_objective=0.00871484 | training_physical_mse=0.00340553 | validation_physical_mse=0.00548709 | lr=0.001 | configured_lr=0.001 | grad_rms=1.11918 | activation_var(mean/min/max)=0.500764/0.069311/0.869916
Epoch 127/834 | samples=1542 | steps=6 | train_objective=0.00758877 | training_physical_mse=0.00301117 | validation_physical_mse=0.00509079 | lr=0.001 | configured_lr=0.001 | grad_rms=0.673637 | activation_var(mean/min/max)=0.494829/0.0688405/0.860143
Epoch 128/834 | samples=1542 | steps=6 | train_objective=0.00783577 | training_physical_mse=0.00302374 | validation_physical_mse=0.00501239 | lr=0.001 | configured_lr=0.001 | grad_rms=0.82548 | activation_var(mean/min/max)=0.500539/0.0687499/0.870491
Epoch 129/834 | samples=1542 | steps=6 | train_objective=0.00744586 | training_physical_mse=0.00352331 | validation_physical_mse=0.00575509 | lr=0.001 | configured_lr=0.001 | grad_rms=0.738727 | activation_var(mean/min/max)=0.49436/0.0683629/0.860455
Epoch 130/834 | samples=1542 | steps=6 | train_objective=0.00845236 | training_physical_mse=0.00366763 | validation_physical_mse=0.00551655 | lr=0.001 | configured_lr=0.001 | grad_rms=1.04581 | activation_var(mean/min/max)=0.489357/0.0679778/0.851547
Epoch 131/834 | samples=1542 | steps=6 | train_objective=0.009021 | training_physical_mse=0.00430037 | validation_physical_mse=0.00652063 | lr=0.001 | configured_lr=0.001 | grad_rms=1.31675 | activation_var(mean/min/max)=0.494178/0.0678643/0.860477
Epoch 132/834 | samples=1542 | steps=6 | train_objective=0.00904831 | training_physical_mse=0.00377851 | validation_physical_mse=0.00549821 | lr=0.001 | configured_lr=0.001 | grad_rms=1.29353 | activation_var(mean/min/max)=0.478808/0.0674326/0.833476
Epoch 133/834 | samples=1542 | steps=6 | train_objective=0.00826852 | training_physical_mse=0.00351344 | validation_physical_mse=0.00578269 | lr=0.001 | configured_lr=0.001 | grad_rms=1.06965 | activation_var(mean/min/max)=0.468744/0.0669745/0.815227
Epoch 134/834 | samples=1542 | steps=6 | train_objective=0.00746301 | training_physical_mse=0.00325051 | validation_physical_mse=0.00507059 | lr=0.001 | configured_lr=0.001 | grad_rms=0.743272 | activation_var(mean/min/max)=0.46755/0.0667008/0.812848
Epoch 135/834 | samples=1542 | steps=6 | train_objective=0.00739069 | training_physical_mse=0.0032062 | validation_physical_mse=0.00514524 | lr=0.001 | configured_lr=0.001 | grad_rms=0.67572 | activation_var(mean/min/max)=0.46583/0.0664511/0.810405
Epoch 136/834 | samples=1542 | steps=6 | train_objective=0.00707772 | training_physical_mse=0.0031322 | validation_physical_mse=0.00520144 | lr=0.001 | configured_lr=0.001 | grad_rms=0.506273 | activation_var(mean/min/max)=0.466644/0.0662455/0.812259
Epoch 137/834 | samples=1542 | steps=6 | train_objective=0.0069095 | training_physical_mse=0.00318612 | validation_physical_mse=0.00503738 | lr=0.001 | configured_lr=0.001 | grad_rms=0.605007 | activation_var(mean/min/max)=0.466495/0.0660541/0.811558
Epoch 138/834 | samples=1542 | steps=6 | train_objective=0.00682876 | training_physical_mse=0.00290848 | validation_physical_mse=0.00500971 | lr=0.001 | configured_lr=0.001 | grad_rms=0.523989 | activation_var(mean/min/max)=0.465526/0.0659377/0.81033
Epoch 139/834 | samples=1542 | steps=6 | train_objective=0.00676965 | training_physical_mse=0.00292438 | validation_physical_mse=0.00475192 | lr=0.001 | configured_lr=0.001 | grad_rms=0.468774 | activation_var(mean/min/max)=0.466315/0.0659139/0.811549
Epoch 140/834 | samples=1542 | steps=6 | train_objective=0.00714339 | training_physical_mse=0.00300295 | validation_physical_mse=0.00492813 | lr=0.001 | configured_lr=0.001 | grad_rms=0.573022 | activation_var(mean/min/max)=0.469421/0.065944/0.816727
Epoch 141/834 | samples=1542 | steps=6 | train_objective=0.00707919 | training_physical_mse=0.00332611 | validation_physical_mse=0.00556974 | lr=0.001 | configured_lr=0.001 | grad_rms=0.604314 | activation_var(mean/min/max)=0.466669/0.0657643/0.811613
Epoch 142/834 | samples=1542 | steps=6 | train_objective=0.007266 | training_physical_mse=0.00315188 | validation_physical_mse=0.00509334 | lr=0.001 | configured_lr=0.001 | grad_rms=0.602803 | activation_var(mean/min/max)=0.468955/0.0657906/0.815048
Epoch 143/834 | samples=1542 | steps=6 | train_objective=0.00700449 | training_physical_mse=0.00324078 | validation_physical_mse=0.00530965 | lr=0.001 | configured_lr=0.001 | grad_rms=0.54463 | activation_var(mean/min/max)=0.471189/0.0657651/0.818835
Epoch 144/834 | samples=1542 | steps=6 | train_objective=0.0072568 | training_physical_mse=0.00343847 | validation_physical_mse=0.00539048 | lr=0.001 | configured_lr=0.001 | grad_rms=0.579152 | activation_var(mean/min/max)=0.470541/0.065541/0.818327
Epoch 145/834 | samples=1542 | steps=6 | train_objective=0.00745525 | training_physical_mse=0.00345287 | validation_physical_mse=0.00534798 | lr=0.001 | configured_lr=0.001 | grad_rms=0.758717 | activation_var(mean/min/max)=0.470335/0.0653888/0.817447
Epoch 146/834 | samples=1542 | steps=6 | train_objective=0.00735911 | training_physical_mse=0.0031695 | validation_physical_mse=0.00533118 | lr=0.001 | configured_lr=0.001 | grad_rms=0.78027 | activation_var(mean/min/max)=0.472335/0.0653506/0.820605
Epoch 147/834 | samples=1542 | steps=6 | train_objective=0.00700823 | training_physical_mse=0.00301864 | validation_physical_mse=0.00480818 | lr=0.001 | configured_lr=0.001 | grad_rms=0.651301 | activation_var(mean/min/max)=0.464059/0.0649778/0.807276
Epoch 148/834 | samples=1542 | steps=6 | train_objective=0.00770939 | training_physical_mse=0.00334381 | validation_physical_mse=0.00557814 | lr=0.001 | configured_lr=0.001 | grad_rms=0.99108 | activation_var(mean/min/max)=0.471249/0.065056/0.819548
Epoch 149/834 | samples=1542 | steps=6 | train_objective=0.00947343 | training_physical_mse=0.0031575 | validation_physical_mse=0.00531398 | lr=0.001 | configured_lr=0.001 | grad_rms=1.36284 | activation_var(mean/min/max)=0.459257/0.0646914/0.79812
Epoch 150/834 | samples=1542 | steps=6 | train_objective=0.00789576 | training_physical_mse=0.00290158 | validation_physical_mse=0.00490123 | lr=0.001 | configured_lr=0.001 | grad_rms=0.890026 | activation_var(mean/min/max)=0.448369/0.0642653/0.778361
Epoch 151/834 | samples=1542 | steps=6 | train_objective=0.00783875 | training_physical_mse=0.00304484 | validation_physical_mse=0.00481974 | lr=0.001 | configured_lr=0.001 | grad_rms=0.764873 | activation_var(mean/min/max)=0.443264/0.0638834/0.769166
Epoch 152/834 | samples=1542 | steps=6 | train_objective=0.00824764 | training_physical_mse=0.00338369 | validation_physical_mse=0.00537154 | lr=0.001 | configured_lr=0.001 | grad_rms=1.10979 | activation_var(mean/min/max)=0.455076/0.0636968/0.791176
Epoch 153/834 | samples=1542 | steps=6 | train_objective=0.00997774 | training_physical_mse=0.00278268 | validation_physical_mse=0.00479277 | lr=0.001 | configured_lr=0.001 | grad_rms=1.51769 | activation_var(mean/min/max)=0.449705/0.0632693/0.781063
Epoch 154/834 | samples=1542 | steps=6 | train_objective=0.0105943 | training_physical_mse=0.00331095 | validation_physical_mse=0.00536913 | lr=0.001 | configured_lr=0.001 | grad_rms=1.60599 | activation_var(mean/min/max)=0.423008/0.0624928/0.734637
Epoch 155/834 | samples=1542 | steps=6 | train_objective=0.010894 | training_physical_mse=0.00329007 | validation_physical_mse=0.00526131 | lr=0.001 | configured_lr=0.001 | grad_rms=1.53603 | activation_var(mean/min/max)=0.40363/0.0618368/0.700146
Epoch 156/834 | samples=1542 | steps=6 | train_objective=0.00857131 | training_physical_mse=0.00413131 | validation_physical_mse=0.00673743 | lr=0.001 | configured_lr=0.001 | grad_rms=1.0222 | activation_var(mean/min/max)=0.396773/0.0612052/0.68793
Epoch 157/834 | samples=1542 | steps=6 | train_objective=0.00839753 | training_physical_mse=0.00358713 | validation_physical_mse=0.00537734 | lr=0.001 | configured_lr=0.001 | grad_rms=1.03047 | activation_var(mean/min/max)=0.392703/0.0606435/0.680938
Epoch 158/834 | samples=1542 | steps=6 | train_objective=0.0073158 | training_physical_mse=0.00289715 | validation_physical_mse=0.00491272 | lr=0.001 | configured_lr=0.001 | grad_rms=0.740727 | activation_var(mean/min/max)=0.37966/0.0599671/0.658316
Epoch 159/834 | samples=1542 | steps=6 | train_objective=0.00739184 | training_physical_mse=0.00327784 | validation_physical_mse=0.00530706 | lr=0.001 | configured_lr=0.001 | grad_rms=0.697679 | activation_var(mean/min/max)=0.385853/0.0597249/0.669723
Early stopping at epoch 159 after 20 consecutive epochs with validation MSE more than 15% above training MSE without improvement.
Completed epoch: 159
Selected epoch: 139
Training physical MSE: 0.00292438
Validation physical MSE: 0.00475192
Test physical MSE: 0.00238053
Results: "results/re-tuning/trial-4-seed-1b_slurm-56688203"

real	5m10.107s
user	0m0.227s
sys	0m0.075s
