Loading python/3.11.7
  Loading requirement: bzip2/1.0.8-ib3znej libmd/1.0.4-2km2lxx
    libbsd/0.12.1-oocs6an expat/2.6.2-p2t4wry ncurses/6.5-svfl57u
    readline/8.2-zeda6mx gdbm/1.23-wiol7vk libiconv/1.17-nhc3mhm
    xz/5.4.6-xxxg42c zlib-ng/2.1.6-jkgunjc libxml2/2.10.3-zbbe7lm
    pigz/2.8-5bwzpml zstd/1.5.6-uq5yyux tar/1.34-jgektnv gettext/0.22.5-hsxgafg
    libffi/3.4.6-4vs4jpp libxcrypt/4.4.35-7om46b5 sqlite/3.43.2-4kl5mnp
    util-linux-uuid/2.38.1-5achpds

Loading gcc/11.3.0
  Loading requirement: gmp/6.2.1 mpfr/4.1.0 mpc/1.2.1
Candidate 1/5: drop [dropout-rate=0]
  Fold 1/5 | validation physical MSE: 0.00406906
  Fold 2/5 | validation physical MSE: 0.00543843
  Fold 3/5 | validation physical MSE: 0.00679135
  Fold 4/5 | validation physical MSE: 0.00616379
  Fold 5/5 | validation physical MSE: 0.00671036
  Mean validation physical MSE: 0.00583389 +/- 0.00100679
Candidate 2/5: drop [dropout-rate=0.1]
  Fold 1/5 | validation physical MSE: 0.00477225
  Fold 2/5 | validation physical MSE: 0.0068476
  Fold 3/5 | validation physical MSE: 0.00803674
  Fold 4/5 | validation physical MSE: 0.00680249
  Fold 5/5 | validation physical MSE: 0.00697367
  Mean validation physical MSE: 0.00668631 +/- 0.00105978
Candidate 3/5: drop [dropout-rate=0.2]
  Fold 1/5 | validation physical MSE: 0.00615268
  Fold 2/5 | validation physical MSE: 0.00794786
  Fold 3/5 | validation physical MSE: 0.00876757
  Fold 4/5 | validation physical MSE: 0.00739415
  Fold 5/5 | validation physical MSE: 0.00789007
  Mean validation physical MSE: 0.00763045 +/- 0.000860791
Candidate 4/5: drop [dropout-rate=0.3]
  Fold 1/5 | validation physical MSE: 0.00663168
  Fold 2/5 | validation physical MSE: 0.00935526
  Fold 3/5 | validation physical MSE: 0.00921074
  Fold 4/5 | validation physical MSE: 0.00762627
  Fold 5/5 | validation physical MSE: 0.00950984
  Mean validation physical MSE: 0.00846664 +/- 0.00114081
Candidate 5/5: drop [dropout-rate=0.5]
  Fold 1/5 | validation physical MSE: 0.00924818
  Fold 2/5 | validation physical MSE: 0.0116964
  Fold 3/5 | validation physical MSE: 0.0120546
  Fold 4/5 | validation physical MSE: 0.00938712
  Fold 5/5 | validation physical MSE: 0.0164385
  Mean validation physical MSE: 0.0117636 +/- 0.00260301

============== DROPOUT SWEEP RESULTS ==============
drop [dropout-rate=0] : val MSE 0.00583389 +/- 0.00100679
drop [dropout-rate=0.1] : val MSE 0.00668631 +/- 0.00105978
drop [dropout-rate=0.2] : val MSE 0.00763045 +/- 0.000860791
drop [dropout-rate=0.3] : val MSE 0.00846664 +/- 0.00114081
drop [dropout-rate=0.5] : val MSE 0.0117636 +/- 0.00260301
Best by mean validation MSE: drop [dropout-rate=0] (0.00583389)
NOTE: ranking by the mean is reported for continuity only.
The conclusion comes from the paired analysis of results/cross_validation/dropout_tuning/sweep_dropout.csv.
CSV written to results/cross_validation/dropout_tuning/sweep_dropout.csv
